// Jest Snapshot v1, https://goo.gl/fbAQLP

exports[`Component: Forecast4Day matches snapshot 1`] = `
<Forecast4Day
  forecast={
    Array [
      Object {
        "day": "Tue",
        "description": "Light Rain",
        "high": 14,
        "low": 5,
      },
      Object {
        "day": "Wed",
        "description": "Scatterred Clouds",
        "high": 17,
        "low": 6,
      },
      Object {
        "day": "Thurs",
        "description": "Moderate Rain",
        "high": 15,
        "low": 3,
      },
      Object {
        "day": "Fri",
        "description": "Broken Clouds",
        "high": 17,
        "low": 5,
      },
    ]
  }
>
  <Styled(div)
    alignItems="center"
    data-testid="weather-4day"
    flexDirection="column"
    width={1}
  >
    <div
      className="css-1jqcmjx"
      data-testid="weather-4day"
      width={1}
    >
      <DayForecast
        day="Tue"
        description="Light Rain"
        high={14}
        key="Tue"
        low={5}
      >
        <Styled(div)
          bg="white"
          color="magenta"
          justifyContent="space-between"
          p={3}
          width={0.5}
        >
          <div
            className="css-14dzn46"
            color="magenta"
            width={0.5}
          >
            <Styled(div)
              color="black"
              textAlign="center"
            >
              <div
                className="css-1xq5fjj"
                color="black"
              >
                Tue
              </div>
            </Styled(div)>
            <Styled(div)
              color="black"
              textAlign="center"
            >
              <div
                className="css-1xq5fjj"
                color="black"
              >
                Light Rain
              </div>
            </Styled(div)>
            <Styled(div)
              color="black"
              textAlign="center"
            >
              <div
                className="css-1xq5fjj"
                color="black"
              >
                14
                 °
              </div>
            </Styled(div)>
            <Styled(div)
              color="black"
              textAlign="center"
            >
              <div
                className="css-1xq5fjj"
                color="black"
              >
                5
                 °
              </div>
            </Styled(div)>
          </div>
        </Styled(div)>
      </DayForecast>
      <DayForecast
        day="Wed"
        description="Scatterred Clouds"
        high={17}
        key="Wed"
        low={6}
      >
        <Styled(div)
          bg="white"
          color="magenta"
          justifyContent="space-between"
          p={3}
          width={0.5}
        >
          <div
            className="css-14dzn46"
            color="magenta"
            width={0.5}
          >
            <Styled(div)
              color="black"
              textAlign="center"
            >
              <div
                className="css-1xq5fjj"
                color="black"
              >
                Wed
              </div>
            </Styled(div)>
            <Styled(div)
              color="black"
              textAlign="center"
            >
              <div
                className="css-1xq5fjj"
                color="black"
              >
                Scatterred Clouds
              </div>
            </Styled(div)>
            <Styled(div)
              color="black"
              textAlign="center"
            >
              <div
                className="css-1xq5fjj"
                color="black"
              >
                17
                 °
              </div>
            </Styled(div)>
            <Styled(div)
              color="black"
              textAlign="center"
            >
              <div
                className="css-1xq5fjj"
                color="black"
              >
                6
                 °
              </div>
            </Styled(div)>
          </div>
        </Styled(div)>
      </DayForecast>
      <DayForecast
        day="Thurs"
        description="Moderate Rain"
        high={15}
        key="Thurs"
        low={3}
      >
        <Styled(div)
          bg="white"
          color="magenta"
          justifyContent="space-between"
          p={3}
          width={0.5}
        >
          <div
            className="css-14dzn46"
            color="magenta"
            width={0.5}
          >
            <Styled(div)
              color="black"
              textAlign="center"
            >
              <div
                className="css-1xq5fjj"
                color="black"
              >
                Thurs
              </div>
            </Styled(div)>
            <Styled(div)
              color="black"
              textAlign="center"
            >
              <div
                className="css-1xq5fjj"
                color="black"
              >
                Moderate Rain
              </div>
            </Styled(div)>
            <Styled(div)
              color="black"
              textAlign="center"
            >
              <div
                className="css-1xq5fjj"
                color="black"
              >
                15
                 °
              </div>
            </Styled(div)>
            <Styled(div)
              color="black"
              textAlign="center"
            >
              <div
                className="css-1xq5fjj"
                color="black"
              >
                3
                 °
              </div>
            </Styled(div)>
          </div>
        </Styled(div)>
      </DayForecast>
      <DayForecast
        day="Fri"
        description="Broken Clouds"
        high={17}
        key="Fri"
        low={5}
      >
        <Styled(div)
          bg="white"
          color="magenta"
          justifyContent="space-between"
          p={3}
          width={0.5}
        >
          <div
            className="css-14dzn46"
            color="magenta"
            width={0.5}
          >
            <Styled(div)
              color="black"
              textAlign="center"
            >
              <div
                className="css-1xq5fjj"
                color="black"
              >
                Fri
              </div>
            </Styled(div)>
            <Styled(div)
              color="black"
              textAlign="center"
            >
              <div
                className="css-1xq5fjj"
                color="black"
              >
                Broken Clouds
              </div>
            </Styled(div)>
            <Styled(div)
              color="black"
              textAlign="center"
            >
              <div
                className="css-1xq5fjj"
                color="black"
              >
                17
                 °
              </div>
            </Styled(div)>
            <Styled(div)
              color="black"
              textAlign="center"
            >
              <div
                className="css-1xq5fjj"
                color="black"
              >
                5
                 °
              </div>
            </Styled(div)>
          </div>
        </Styled(div)>
      </DayForecast>
    </div>
  </Styled(div)>
</Forecast4Day>
`;

exports[`Component: ForecastToday matches snapshot 1`] = `
<ForecastToday
  city="Glasgow"
  day="Mon"
  description="Light Rain"
  high={16}
  low={4}
>
  <Styled(div)
    bg="white"
    color="magenta"
    data-testid="weather-today"
    p={3}
    width={0.5}
  >
    <div
      className="css-z4r8di"
      color="magenta"
      data-testid="weather-today"
      width={0.5}
    >
      <Styled(div)
        color="black"
        fontSize={
          Array [
            4,
            5,
            6,
          ]
        }
        fontWeight="bold"
        textAlign="center"
      >
        <div
          className="css-1qln6of"
          color="black"
          fontSize={
            Array [
              4,
              5,
              6,
            ]
          }
          fontWeight="bold"
        >
          Glasgow
        </div>
      </Styled(div)>
      <Styled(div)
        color="black"
        textAlign="center"
      >
        <div
          className="css-1xq5fjj"
          color="black"
        >
          Light Rain
        </div>
      </Styled(div)>
      <Styled(div)
        color="black"
        fontSize={
          Array [
            4,
            5,
            6,
          ]
        }
        textAlign="center"
      >
        <div
          className="css-o105s2"
          color="black"
          fontSize={
            Array [
              4,
              5,
              6,
            ]
          }
        >
          16
           °
        </div>
      </Styled(div)>
    </div>
  </Styled(div)>
</ForecastToday>
`;
